// Jest Snapshot v1, https://goo.gl/fbAQLP

exports[`TabNavigator matches snapshot 1`] = `
<RNCSafeAreaProvider
  onInsetsChange={[Function]}
  style={
    [
      {
        "flex": 1,
      },
      {
        "flexDirection": "column",
      },
    ]
  }
>
  <RNSScreenNavigationContainer
    style={
      {
        "flex": 1,
        "overflow": "hidden",
      }
    }
  >
    <RNSScreen
      activityState={2}
      collapsable={false}
      gestureResponseDistance={
        {
          "bottom": -1,
          "end": -1,
          "start": -1,
          "top": -1,
        }
      }
      onGestureCancel={[Function]}
      sheetAllowedDetents={
        [
          1,
        ]
      }
      sheetCornerRadius={-1}
      sheetElevation={24}
      sheetExpandsWhenScrolledToEdge={true}
      sheetGrabberVisible={false}
      sheetInitialDetent={0}
      sheetLargestUndimmedDetent={-1}
      style={
        {
          "bottom": 0,
          "left": 0,
          "position": "absolute",
          "right": 0,
          "top": 0,
          "zIndex": undefined,
        }
      }
    >
      <View
        accessibilityElementsHidden={false}
        collapsable={false}
        importantForAccessibility="auto"
        style={
          {
            "backgroundColor": "rgb(242, 242, 242)",
            "flex": 1,
          }
        }
      >
        <View
          style={
            {
              "flex": 1,
            }
          }
        >
          <Text>
            HomeScreen
          </Text>
        </View>
      </View>
    </RNSScreen>
  </RNSScreenNavigationContainer>
  <View
    collapsable={false}
    onLayout={[Function]}
    pointerEvents="auto"
    style={
      {
        "backgroundColor": "white",
        "borderColor": "rgb(216, 216, 216)",
        "borderTopWidth": 0.5,
        "bottom": 0,
        "elevation": 8,
        "end": 0,
        "height": 49,
        "paddingBottom": 0,
        "paddingHorizontal": 0,
        "paddingTop": 0,
        "position": undefined,
        "start": 0,
        "transform": [
          {
            "translateY": 0,
          },
        ],
      }
    }
  >
    <View
      pointerEvents="none"
      style={
        {
          "bottom": 0,
          "left": 0,
          "position": "absolute",
          "right": 0,
          "top": 0,
        }
      }
    />
    <View
      accessibilityRole="tablist"
      style={
        {
          "flex": 1,
          "flexDirection": "row",
        }
      }
    >
      <View
        style={
          [
            {
              "borderRadius": 0,
              "overflow": "visible",
            },
            [
              {
                "flex": 1,
              },
              undefined,
            ],
          ]
        }
      >
        <View
          accessibilityLabel="Home, tab, 1 of 4"
          accessibilityLargeContentTitle="Home"
          accessibilityRole="button"
          accessibilityShowsLargeContentViewer={true}
          accessibilityState={
            {
              "busy": undefined,
              "checked": undefined,
              "disabled": undefined,
              "expanded": undefined,
              "selected": true,
            }
          }
          accessibilityStates={
            [
              "selected",
            ]
          }
          accessibilityValue={
            {
              "max": undefined,
              "min": undefined,
              "now": undefined,
              "text": undefined,
            }
          }
          accessible={true}
          collapsable={false}
          focusable={true}
          href="/Home"
          onBlur={[Function]}
          onClick={[Function]}
          onFocus={[Function]}
          onResponderGrant={[Function]}
          onResponderMove={[Function]}
          onResponderRelease={[Function]}
          onResponderTerminate={[Function]}
          onResponderTerminationRequest={[Function]}
          onStartShouldSetResponder={[Function]}
          style={
            {
              "alignItems": "center",
              "backgroundColor": "transparent",
              "borderRadius": 0,
              "cursor": "pointer",
              "flex": 1,
              "flexDirection": "column",
              "justifyContent": "flex-start",
              "opacity": 1,
              "padding": 5,
            }
          }
        >
          <View
            style={
              [
                {
                  "height": 28,
                  "width": 31,
                },
                undefined,
              ]
            }
          >
            <View
              style={
                [
                  {
                    "alignItems": "center",
                    "alignSelf": "center",
                    "height": "100%",
                    "justifyContent": "center",
                    "position": "absolute",
                    "width": "100%",
                  },
                  {
                    "minWidth": 25,
                    "opacity": 1,
                  },
                ]
              }
            >
              <Text
                testID="ionicon"
              >
                home
              </Text>
            </View>
            <View
              style={
                [
                  {
                    "alignItems": "center",
                    "alignSelf": "center",
                    "height": "100%",
                    "justifyContent": "center",
                    "position": "absolute",
                    "width": "100%",
                  },
                  {
                    "opacity": 0,
                  },
                ]
              }
            >
              <Text
                testID="ionicon"
              >
                home
              </Text>
            </View>
          </View>
          <Text
            numberOfLines={1}
            style={
              [
                {
                  "color": "rgb(28, 28, 30)",
                },
                {
                  "fontFamily": "System",
                  "fontWeight": "400",
                },
                [
                  {
                    "backgroundColor": "transparent",
                    "textAlign": "center",
                  },
                  {
                    "color": "blue",
                  },
                  [
                    {
                      "fontSize": 10,
                    },
                    {
                      "fontFamily": "System",
                      "fontWeight": "500",
                    },
                    undefined,
                  ],
                ],
              ]
            }
          >
            Home
          </Text>
        </View>
      </View>
      <View
        style={
          [
            {
              "borderRadius": 0,
              "overflow": "visible",
            },
            [
              {
                "flex": 1,
              },
              undefined,
            ],
          ]
        }
      >
        <View
          accessibilityLabel="Collection, tab, 2 of 4"
          accessibilityLargeContentTitle="Collection"
          accessibilityRole="button"
          accessibilityShowsLargeContentViewer={true}
          accessibilityState={
            {
              "busy": undefined,
              "checked": undefined,
              "disabled": undefined,
              "expanded": undefined,
              "selected": false,
            }
          }
          accessibilityStates={[]}
          accessibilityValue={
            {
              "max": undefined,
              "min": undefined,
              "now": undefined,
              "text": undefined,
            }
          }
          accessible={true}
          collapsable={false}
          focusable={true}
          href="/Collection"
          onBlur={[Function]}
          onClick={[Function]}
          onFocus={[Function]}
          onResponderGrant={[Function]}
          onResponderMove={[Function]}
          onResponderRelease={[Function]}
          onResponderTerminate={[Function]}
          onResponderTerminationRequest={[Function]}
          onStartShouldSetResponder={[Function]}
          style={
            {
              "alignItems": "center",
              "backgroundColor": "transparent",
              "borderRadius": 0,
              "cursor": "pointer",
              "flex": 1,
              "flexDirection": "column",
              "justifyContent": "flex-start",
              "opacity": 1,
              "padding": 5,
            }
          }
        >
          <View
            style={
              [
                {
                  "height": 28,
                  "width": 31,
                },
                undefined,
              ]
            }
          >
            <View
              style={
                [
                  {
                    "alignItems": "center",
                    "alignSelf": "center",
                    "height": "100%",
                    "justifyContent": "center",
                    "position": "absolute",
                    "width": "100%",
                  },
                  {
                    "minWidth": 25,
                    "opacity": 0,
                  },
                ]
              }
            >
              <Text
                testID="ionicon"
              >
                paw
              </Text>
            </View>
            <View
              style={
                [
                  {
                    "alignItems": "center",
                    "alignSelf": "center",
                    "height": "100%",
                    "justifyContent": "center",
                    "position": "absolute",
                    "width": "100%",
                  },
                  {
                    "opacity": 1,
                  },
                ]
              }
            >
              <Text
                testID="ionicon"
              >
                paw
              </Text>
            </View>
          </View>
          <Text
            numberOfLines={1}
            style={
              [
                {
                  "color": "rgb(28, 28, 30)",
                },
                {
                  "fontFamily": "System",
                  "fontWeight": "400",
                },
                [
                  {
                    "backgroundColor": "transparent",
                    "textAlign": "center",
                  },
                  {
                    "color": "gray",
                  },
                  [
                    {
                      "fontSize": 10,
                    },
                    {
                      "fontFamily": "System",
                      "fontWeight": "500",
                    },
                    undefined,
                  ],
                ],
              ]
            }
          >
            Collection
          </Text>
        </View>
      </View>
      <View
        style={
          [
            {
              "borderRadius": 0,
              "overflow": "visible",
            },
            [
              {
                "flex": 1,
              },
              undefined,
            ],
          ]
        }
      >
        <View
          accessibilityLabel="Freezer, tab, 3 of 4"
          accessibilityLargeContentTitle="Freezer"
          accessibilityRole="button"
          accessibilityShowsLargeContentViewer={true}
          accessibilityState={
            {
              "busy": undefined,
              "checked": undefined,
              "disabled": undefined,
              "expanded": undefined,
              "selected": false,
            }
          }
          accessibilityStates={[]}
          accessibilityValue={
            {
              "max": undefined,
              "min": undefined,
              "now": undefined,
              "text": undefined,
            }
          }
          accessible={true}
          collapsable={false}
          focusable={true}
          href="/Freezer"
          onBlur={[Function]}
          onClick={[Function]}
          onFocus={[Function]}
          onResponderGrant={[Function]}
          onResponderMove={[Function]}
          onResponderRelease={[Function]}
          onResponderTerminate={[Function]}
          onResponderTerminationRequest={[Function]}
          onStartShouldSetResponder={[Function]}
          style={
            {
              "alignItems": "center",
              "backgroundColor": "transparent",
              "borderRadius": 0,
              "cursor": "pointer",
              "flex": 1,
              "flexDirection": "column",
              "justifyContent": "flex-start",
              "opacity": 1,
              "padding": 5,
            }
          }
        >
          <View
            style={
              [
                {
                  "height": 28,
                  "width": 31,
                },
                undefined,
              ]
            }
          >
            <View
              style={
                [
                  {
                    "alignItems": "center",
                    "alignSelf": "center",
                    "height": "100%",
                    "justifyContent": "center",
                    "position": "absolute",
                    "width": "100%",
                  },
                  {
                    "minWidth": 25,
                    "opacity": 0,
                  },
                ]
              }
            >
              <Text
                testID="ionicon"
              >
                nutrition
              </Text>
            </View>
            <View
              style={
                [
                  {
                    "alignItems": "center",
                    "alignSelf": "center",
                    "height": "100%",
                    "justifyContent": "center",
                    "position": "absolute",
                    "width": "100%",
                  },
                  {
                    "opacity": 1,
                  },
                ]
              }
            >
              <Text
                testID="ionicon"
              >
                nutrition
              </Text>
            </View>
          </View>
          <Text
            numberOfLines={1}
            style={
              [
                {
                  "color": "rgb(28, 28, 30)",
                },
                {
                  "fontFamily": "System",
                  "fontWeight": "400",
                },
                [
                  {
                    "backgroundColor": "transparent",
                    "textAlign": "center",
                  },
                  {
                    "color": "gray",
                  },
                  [
                    {
                      "fontSize": 10,
                    },
                    {
                      "fontFamily": "System",
                      "fontWeight": "500",
                    },
                    undefined,
                  ],
                ],
              ]
            }
          >
            Freezer
          </Text>
        </View>
      </View>
      <View
        style={
          [
            {
              "borderRadius": 0,
              "overflow": "visible",
            },
            [
              {
                "flex": 1,
              },
              undefined,
            ],
          ]
        }
      >
        <View
          accessibilityLabel="Profile, tab, 4 of 4"
          accessibilityLargeContentTitle="Profile"
          accessibilityRole="button"
          accessibilityShowsLargeContentViewer={true}
          accessibilityState={
            {
              "busy": undefined,
              "checked": undefined,
              "disabled": undefined,
              "expanded": undefined,
              "selected": false,
            }
          }
          accessibilityStates={[]}
          accessibilityValue={
            {
              "max": undefined,
              "min": undefined,
              "now": undefined,
              "text": undefined,
            }
          }
          accessible={true}
          collapsable={false}
          focusable={true}
          href="/Profile"
          onBlur={[Function]}
          onClick={[Function]}
          onFocus={[Function]}
          onResponderGrant={[Function]}
          onResponderMove={[Function]}
          onResponderRelease={[Function]}
          onResponderTerminate={[Function]}
          onResponderTerminationRequest={[Function]}
          onStartShouldSetResponder={[Function]}
          style={
            {
              "alignItems": "center",
              "backgroundColor": "transparent",
              "borderRadius": 0,
              "cursor": "pointer",
              "flex": 1,
              "flexDirection": "column",
              "justifyContent": "flex-start",
              "opacity": 1,
              "padding": 5,
            }
          }
        >
          <View
            style={
              [
                {
                  "height": 28,
                  "width": 31,
                },
                undefined,
              ]
            }
          >
            <View
              style={
                [
                  {
                    "alignItems": "center",
                    "alignSelf": "center",
                    "height": "100%",
                    "justifyContent": "center",
                    "position": "absolute",
                    "width": "100%",
                  },
                  {
                    "minWidth": 25,
                    "opacity": 0,
                  },
                ]
              }
            >
              <Text
                testID="ionicon"
              >
                ellipsis-horizontal
              </Text>
            </View>
            <View
              style={
                [
                  {
                    "alignItems": "center",
                    "alignSelf": "center",
                    "height": "100%",
                    "justifyContent": "center",
                    "position": "absolute",
                    "width": "100%",
                  },
                  {
                    "opacity": 1,
                  },
                ]
              }
            >
              <Text
                testID="ionicon"
              >
                ellipsis-horizontal
              </Text>
            </View>
          </View>
          <Text
            numberOfLines={1}
            style={
              [
                {
                  "color": "rgb(28, 28, 30)",
                },
                {
                  "fontFamily": "System",
                  "fontWeight": "400",
                },
                [
                  {
                    "backgroundColor": "transparent",
                    "textAlign": "center",
                  },
                  {
                    "color": "gray",
                  },
                  [
                    {
                      "fontSize": 10,
                    },
                    {
                      "fontFamily": "System",
                      "fontWeight": "500",
                    },
                    undefined,
                  ],
                ],
              ]
            }
          >
            Profile
          </Text>
        </View>
      </View>
    </View>
  </View>
</RNCSafeAreaProvider>
`;
